
 ISSUES: 2 

:0:0
    0:0  high    exists failed  exists:fail
    0:0  high    exists failed  exists:fail

