Lint error exists: Exited with code 0 .qlty/out/invocations/invoke-[..].yaml
[..]The plugin crashed for some reason[..]

Checked 1 file
