
 ISSUES 

:0:0
    0:0  high    multi_driver_with_issue failed  multi_driver_with_issue:fail

