
 ISSUES 

:0:0
    0:0  high    always_fail failed  always_fail:fail

