[
  {
    "tool": "exists",
    "ruleKey": "LeadingCharacter",
    "message": "Invalid leading character detected",
    "level": "LEVEL_LOW",
    "category": "CATEGORY_STYLE",
    "snippet": "#!/bin/sh",
    "snippetWithContext": "#!/bin/sh/necho /"$foo/"",
    "location": {
      "path": "sample.sh",
      "range": {
        "startLine": 1
      }
    },
    "mode": "MODE_BLOCK"
  }
]
