Lint error always_error: Exited with code 1 .qlty/out/invoke-[..].yaml

