
 ISSUES 

:0:0
    0:0  high    timeout failed  timeout:fail

