
 ISSUES: 2 

:0:0
    0:0  high    default failed  default:fail
    0:0  high    manual failed   manual:fail

