qlty [..] ([..] debug)
https://qlty.sh/d/coverage

  Retrieving CI metadata...
  → unknown CI commit "822641a8a442eab5981096a0d734ac180aa40106" on branch ""

  Reading code coverage data...
  → Found 1 files with code coverage data

  Exporting code coverage data...
  → Exported to "tmp/qlty-coverage"
