
 ISSUES 

:0:0
    0:0  high    exists failed  exists:fail

