     [0/1] [..]Planning... [..]s
     [1/1] [..]Analyzing all targets...[..]
âœ– 1 issues
