
 ISSUES 

basic.in.php:5:5
    5:5  medium  Parameter $date of method HelloWorld::sayHello() has invalid type DateTimeImutable.  phpstan:class.notFound
    7:7  medium  Call to method format() on an unknown class DateTimeImutable.                        phpstan:class.notFound

basic_batched.in.php:5:5
    5:5  medium  Parameter $date of method HelloWorld::sayHello() has invalid type DateTimeImutable.  phpstan:class.notFound
    7:7  medium  Call to method format() on an unknown class DateTimeImutable.                        phpstan:class.notFound

Checked 2 files
