
 ISSUES 

basic.py:0:0
    0:0  fmt     Incorrect formatting, autoformat by running `qlty fmt`.  black:fmt

Checked 1 file
